npm warn Unknown global config "tmp". This will stop working in the next major version of npm.

> jus-backend@0.1.0 dev
> node --watch src/server.js

Jus API running on :4000
[0mGET /api/products [32m200[0m 346.785 ms - 2699[0m
[0mGET /api/categories [32m200[0m 390.116 ms - 115[0m
[0mGET /api/deliveries [32m200[0m 414.460 ms - 747[0m
[0mGET /api/categories [32m200[0m 408.974 ms - 115[0m
[0mGET /api/products [32m200[0m 474.903 ms - 2699[0m
[0mGET /api/deliveries [32m200[0m 451.648 ms - 747[0m
[0mGET /api/products [36m304[0m 6.215 ms - -[0m
[0mGET /api/categories [36m304[0m 3.068 ms - -[0m
[0mGET /api/deliveries [36m304[0m 3.054 ms - -[0m
[0mGET /api/products [36m304[0m 2.745 ms - -[0m
[0mGET /api/categories [36m304[0m 1.641 ms - -[0m
[0mGET /api/deliveries [36m304[0m 1.582 ms - -[0m
[0mGET /api/products [36m304[0m 2.219 ms - -[0m
[0mGET /api/categories [36m304[0m 1.788 ms - -[0m
[0mGET /api/deliveries [36m304[0m 3.305 ms - -[0m
[0mGET /api/products [36m304[0m 5.752 ms - -[0m
[0mGET /api/categories [36m304[0m 1.616 ms - -[0m
[0mGET /api/deliveries [36m304[0m 1.585 ms - -[0m
[0mGET /api/admin/users [32m200[0m 19.750 ms - 293[0m
[0mGET /api/products [36m304[0m 85.722 ms - -[0m
[0mGET /api/deliveries [32m200[0m 50.500 ms - 747[0m
[0mGET /api/products [32m200[0m 11.467 ms - 2699[0m
[0mGET /api/deliveries [32m200[0m 9.665 ms - 747[0m
[0mGET /api/admin/dashboard [36m304[0m 12.374 ms - -[0m
[0mGET /api/admin/orders [36m304[0m 35.292 ms - -[0m
[0mGET /api/admin/users [36m304[0m 18.991 ms - -[0m
[0mGET /api/admin/dashboard [36m304[0m 16.547 ms - -[0m
[0mGET /api/admin/orders [36m304[0m 2.741 ms - -[0m
[0mGET /api/admin/users [36m304[0m 9.003 ms - -[0m
[0mPATCH /api/admin/users/2/status [32m200[0m 435.325 ms - 150[0m
[0mGET /api/products [36m304[0m 10.508 ms - -[0m
[0mGET /api/categories [36m304[0m 8.755 ms - -[0m
[0mGET /api/deliveries [36m304[0m 2.843 ms - -[0m
[0mGET /api/products [36m304[0m 8.653 ms - -[0m
[0mGET /api/categories [36m304[0m 3.500 ms - -[0m
[0mGET /api/deliveries [36m304[0m 6.308 ms - -[0m
[0mPOST /api/auth/login [33m403[0m 58.656 ms - 70[0m
[0mPOST /api/auth/login [33m403[0m 3.184 ms - 70[0m
[0mPATCH /api/admin/users/2/status [32m200[0m 56.934 ms - 149[0m
[0mPOST /api/auth/login [32m200[0m 430.427 ms - 198[0m
[0mGET /api/auth/verify [32m200[0m 6.022 ms - 157[0m
[0mGET /api/auth/orders/2 [36m304[0m 23.561 ms - -[0m
[0mPOST /api/auth/login [32m200[0m 445.597 ms - 208[0m
[0mGET /api/auth/verify [32m200[0m 3.824 ms - 167[0m
[0mGET /api/auth/orders/1 [32m200[0m 29.864 ms - 13[0m
[0mGET /api/auth/verify [36m304[0m 36.570 ms - -[0m
[0mGET /api/categories [36m304[0m 4.385 ms - -[0m
[0mGET /api/products [36m304[0m 58.210 ms - -[0m
[0mGET /api/deliveries [36m304[0m 7.331 ms - -[0m
[0mGET /api/auth/verify [36m304[0m 6.504 ms - -[0m
[0mGET /api/categories [36m304[0m 2.222 ms - -[0m
[0mGET /api/products [36m304[0m 3.971 ms - -[0m
[0mGET /api/deliveries [36m304[0m 3.424 ms - -[0m
[0mGET /api/auth/verify [36m304[0m 2.993 ms - -[0m
[0mGET /api/products [36m304[0m 2.163 ms - -[0m
[0mGET /api/categories [36m304[0m 3.457 ms - -[0m
[0mGET /api/deliveries [36m304[0m 1.998 ms - -[0m
[0mGET /api/auth/verify [36m304[0m 3.168 ms - -[0m
[0mGET /api/products [36m304[0m 3.149 ms - -[0m
[0mGET /api/categories [32m200[0m 1.890 ms - 115[0m
[0mGET /api/deliveries [32m200[0m 2.389 ms - 747[0m
[0mGET /api/auth/verify [36m304[0m 3.150 ms - -[0m
[0mGET /api/products [36m304[0m 7.796 ms - -[0m
[0mGET /api/categories [36m304[0m 3.093 ms - -[0m
[0mGET /api/deliveries [36m304[0m 2.427 ms - -[0m
[0mGET /api/auth/verify [32m200[0m 4.430 ms - 167[0m
[0mGET /api/categories [32m200[0m 9.187 ms - 115[0m
[0mGET /api/products [32m200[0m 56.745 ms - 2699[0m
[0mGET /api/deliveries [32m200[0m 54.455 ms - 747[0m
[0mGET /api/auth/verify [36m304[0m 6.700 ms - -[0m
[0mGET /api/products [36m304[0m 5.034 ms - -[0m
[0mGET /api/categories [36m304[0m 2.860 ms - -[0m
[0mGET /api/products [32m200[0m 2.662 ms - 2699[0m
[0mGET /api/auth/verify [36m304[0m 6.281 ms - -[0m
[0mGET /api/deliveries [36m304[0m 3.941 ms - -[0m
[0mGET /api/categories [32m200[0m 6.671 ms - 115[0m
[0mGET /api/deliveries [32m200[0m 14.471 ms - 747[0m
[0mGET /api/auth/verify [36m304[0m 85.830 ms - -[0m
[0mGET /api/products [36m304[0m 113.998 ms - -[0m
[0mGET /api/deliveries [36m304[0m 46.194 ms - -[0m
[0mGET /api/categories [36m304[0m 120.427 ms - -[0m
[0mGET /api/auth/verify [32m200[0m 12.098 ms - 167[0m
[0mGET /api/products [32m200[0m 14.508 ms - 2699[0m
[0mGET /api/categories [32m200[0m 10.706 ms - 115[0m
[0mGET /api/deliveries [32m200[0m 6.056 ms - 747[0m
[0mGET /api/auth/verify [36m304[0m 58.670 ms - -[0m
[0mGET /api/products [36m304[0m 62.816 ms - -[0m
[0mGET /api/auth/verify [32m200[0m 9.230 ms - 167[0m
[0mGET /api/categories [36m304[0m 71.391 ms - -[0m
[0mGET /api/deliveries [36m304[0m 70.061 ms - -[0m
[0mGET /api/products [32m200[0m 7.889 ms - 2699[0m
[0mGET /api/categories [32m200[0m 4.620 ms - 115[0m
[0mGET /api/deliveries [32m200[0m 3.903 ms - 747[0m
[0mGET /api/auth/verify [36m304[0m 49.126 ms - -[0m
[0mGET /api/products [36m304[0m 11.970 ms - -[0m
[0mGET /api/deliveries [36m304[0m 10.979 ms - -[0m
[0mGET /api/auth/verify [32m200[0m 7.519 ms - 167[0m
[0mGET /api/products [32m200[0m 10.991 ms - 2699[0m
[0mGET /api/categories [32m200[0m 4.015 ms - 115[0m
[0mGET /api/deliveries [32m200[0m 3.796 ms - 747[0m
[0mGET /api/categories [36m304[0m 97.045 ms - -[0m
[0mGET /api/auth/verify [36m304[0m 49.942 ms - -[0m
[0mGET /api/products [36m304[0m 60.536 ms - -[0m
[0mGET /api/deliveries [36m304[0m 58.534 ms - -[0m
[0mGET /api/categories [36m304[0m 69.894 ms - -[0m
[0mGET /api/auth/verify [32m200[0m 6.671 ms - 167[0m
[0mGET /api/products [32m200[0m 9.631 ms - 2699[0m
[0mGET /api/categories [32m200[0m 5.820 ms - 115[0m
[0mGET /api/deliveries [36m304[0m 3.014 ms - -[0m
